============================= test session starts =============================
platform win32 -- Python 3.11.7, pytest-7.4.0, pluggy-1.0.0
rootdir: C:\Users\86135\Documents\GitHub\CT
plugins: anyio-4.2.0
collected 0 items / 1 error

=================================== ERRORS ====================================
_____________ ERROR collecting tests/td_petri/test_integration.py _____________
ImportError while importing test module 'C:\Users\86135\Documents\GitHub\CT\tests\td_petri\test_integration.py'.
Hint: make sure your test modules/packages have valid Python names.
Traceback:
D:\Program Files\conda\Lib\importlib\__init__.py:126: in import_module
    return _bootstrap._gcd_import(name[level:], package, level)
tests\td_petri\test_integration.py:9: in <module>
    from solutions.Td_petri.tdpn import TimedPetri
solutions\Td_petri\tdpn.py:19: in <module>
    from solutions.Td_petri.rl.path_registry import PathRegistry
solutions\Td_petri\rl\__init__.py:7: in <module>
    from .environment import TimedPetriEnv, TimedPetriEnvSimple, CT_v2_Refactored
solutions\Td_petri\rl\environment.py:10: in <module>
    from torchrl.data import Bounded, Unbounded, Categorical, Composite, Binary
E   ModuleNotFoundError: No module named 'torchrl'
=========================== short test summary info ===========================
ERROR tests/td_petri/test_integration.py
!!!!!!!!!!!!!!!!!!! Interrupted: 1 error during collection !!!!!!!!!!!!!!!!!!!!
============================== 1 error in 4.23s ===============================
